2026-03-18 00:00:00.004  INFO 8308 --- [scheduling-1] eden.service.task.OrderTask              : 开始执行订单超时关闭任务...
2026-03-18 00:00:00.114  INFO 8308 --- [scheduling-1] eden.service.task.OrderTask              : 没有超时订单需要关闭
2026-03-18 00:00:00.115  INFO 8308 --- [scheduling-1] eden.service.task.PromotionTask          : 开始更新已结束的秒杀活动状态...
2026-03-18 00:01:00.004  INFO 8308 --- [scheduling-1] eden.service.task.OrderTask              : 开始执行订单超时关闭任务...
2026-03-18 00:01:00.011  INFO 8308 --- [scheduling-1] eden.service.task.OrderTask              : 没有超时订单需要关闭
2026-03-18 00:02:00.007  INFO 8308 --- [scheduling-1] eden.service.task.OrderTask              : 开始执行订单超时关闭任务...
2026-03-18 00:02:00.020  INFO 8308 --- [scheduling-1] eden.service.task.OrderTask              : 没有超时订单需要关闭
2026-03-18 00:03:00.015  INFO 8308 --- [scheduling-1] eden.service.task.OrderTask              : 开始执行订单超时关闭任务...
2026-03-18 00:03:00.027  INFO 8308 --- [scheduling-1] eden.service.task.OrderTask              : 没有超时订单需要关闭
2026-03-18 00:04:00.007  INFO 8308 --- [scheduling-1] eden.service.task.OrderTask              : 开始执行订单超时关闭任务...
2026-03-18 00:04:00.013  INFO 8308 --- [scheduling-1] eden.service.task.OrderTask              : 没有超时订单需要关闭
2026-03-18 00:05:00.007  INFO 8308 --- [scheduling-1] eden.service.task.OrderTask              : 开始执行订单超时关闭任务...
2026-03-18 00:05:00.012  INFO 8308 --- [scheduling-1] eden.service.task.OrderTask              : 没有超时订单需要关闭
2026-03-18 00:05:00.013  INFO 8308 --- [scheduling-1] eden.service.task.PromotionTask          : 开始更新已结束的秒杀活动状态...
2026-03-18 00:06:00.012  INFO 8308 --- [scheduling-1] eden.service.task.OrderTask              : 开始执行订单超时关闭任务...
2026-03-18 00:06:00.019  INFO 8308 --- [scheduling-1] eden.service.task.OrderTask              : 没有超时订单需要关闭
2026-03-18 00:07:00.013  INFO 8308 --- [scheduling-1] eden.service.task.OrderTask              : 开始执行订单超时关闭任务...
2026-03-18 00:07:00.019  INFO 8308 --- [scheduling-1] eden.service.task.OrderTask              : 没有超时订单需要关闭
2026-03-18 00:08:00.002  INFO 8308 --- [scheduling-1] eden.service.task.OrderTask              : 开始执行订单超时关闭任务...
2026-03-18 00:08:00.012  INFO 8308 --- [scheduling-1] eden.service.task.OrderTask              : 没有超时订单需要关闭
2026-03-18 00:09:00.012  INFO 8308 --- [scheduling-1] eden.service.task.OrderTask              : 开始执行订单超时关闭任务...
2026-03-18 00:09:00.017  INFO 8308 --- [scheduling-1] eden.service.task.OrderTask              : 没有超时订单需要关闭
2026-03-18 00:10:00.003  INFO 8308 --- [scheduling-1] eden.service.task.PromotionTask          : 开始更新已结束的秒杀活动状态...
2026-03-18 00:10:00.010  INFO 8308 --- [scheduling-1] eden.service.task.OrderTask              : 开始执行订单超时关闭任务...
2026-03-18 00:10:00.014  INFO 8308 --- [scheduling-1] eden.service.task.OrderTask              : 没有超时订单需要关闭
2026-03-18 00:10:04.501  INFO 8308 --- [org.springframework.amqp.rabbit.RabbitListenerEndpointContainer#2-26] o.s.a.r.l.SimpleMessageListenerContainer : Restarting Consumer@32b5cb26: tags=[[amq.ctag-0idivusB8kjVWr5OyC9iPQ]], channel=Cached Rabbit Channel: PublisherCallbackChannelImpl: AMQChannel(amqp://user@127.0.0.1:5672/,7), conn: Proxy@2b39e77d Shared Rabbit Connection: SimpleConnection@7fb84ef7 [delegate=amqp://user@127.0.0.1:5672/, localPort= 9159], acknowledgeMode=MANUAL local queue size=0
2026-03-18 00:10:04.586  INFO 8308 --- [org.springframework.amqp.rabbit.RabbitListenerEndpointContainer#2-27] e.service.listener.OrderMessageListener  : 收到订单支付成功消息，订单ID: 2025121713395639540001
2026-03-18 00:11:00.010  INFO 8308 --- [scheduling-1] eden.service.task.OrderTask              : 开始执行订单超时关闭任务...
2026-03-18 00:11:00.015  INFO 8308 --- [scheduling-1] eden.service.task.OrderTask              : 没有超时订单需要关闭
2026-03-18 00:12:00.006  INFO 8308 --- [scheduling-1] eden.service.task.OrderTask              : 开始执行订单超时关闭任务...
2026-03-18 00:12:00.011  INFO 8308 --- [scheduling-1] eden.service.task.OrderTask              : 没有超时订单需要关闭
2026-03-18 00:13:00.011  INFO 8308 --- [scheduling-1] eden.service.task.OrderTask              : 开始执行订单超时关闭任务...
2026-03-18 00:13:00.017  INFO 8308 --- [scheduling-1] eden.service.task.OrderTask              : 没有超时订单需要关闭
2026-03-18 00:14:00.014  INFO 8308 --- [scheduling-1] eden.service.task.OrderTask              : 开始执行订单超时关闭任务...
2026-03-18 00:14:00.019  INFO 8308 --- [scheduling-1] eden.service.task.OrderTask              : 没有超时订单需要关闭
2026-03-18 00:15:00.011  INFO 8308 --- [scheduling-1] eden.service.task.OrderTask              : 开始执行订单超时关闭任务...
2026-03-18 00:15:00.021  INFO 8308 --- [scheduling-1] eden.service.task.OrderTask              : 没有超时订单需要关闭
2026-03-18 00:15:00.022  INFO 8308 --- [scheduling-1] eden.service.task.PromotionTask          : 开始更新已结束的秒杀活动状态...
2026-03-18 00:16:00.012  INFO 8308 --- [scheduling-1] eden.service.task.OrderTask              : 开始执行订单超时关闭任务...
2026-03-18 00:16:00.024  INFO 8308 --- [scheduling-1] eden.service.task.OrderTask              : 没有超时订单需要关闭
2026-03-18 00:17:00.015  INFO 8308 --- [scheduling-1] eden.service.task.OrderTask              : 开始执行订单超时关闭任务...
2026-03-18 00:17:00.021  INFO 8308 --- [scheduling-1] eden.service.task.OrderTask              : 没有超时订单需要关闭
2026-03-18 00:18:00.008  INFO 8308 --- [scheduling-1] eden.service.task.OrderTask              : 开始执行订单超时关闭任务...
2026-03-18 00:18:00.015  INFO 8308 --- [scheduling-1] eden.service.task.OrderTask              : 没有超时订单需要关闭
2026-03-18 00:19:00.001  INFO 8308 --- [scheduling-1] eden.service.task.OrderTask              : 开始执行订单超时关闭任务...
2026-03-18 00:19:00.007  INFO 8308 --- [scheduling-1] eden.service.task.OrderTask              : 没有超时订单需要关闭
2026-03-18 00:20:00.001  INFO 8308 --- [scheduling-1] eden.service.task.PromotionTask          : 开始更新已结束的秒杀活动状态...
2026-03-18 00:20:00.017  INFO 8308 --- [scheduling-1] eden.service.task.OrderTask              : 开始执行订单超时关闭任务...
2026-03-18 00:20:00.023  INFO 8308 --- [scheduling-1] eden.service.task.OrderTask              : 没有超时订单需要关闭
2026-03-18 00:21:00.008  INFO 8308 --- [scheduling-1] eden.service.task.OrderTask              : 开始执行订单超时关闭任务...
2026-03-18 00:21:00.031  INFO 8308 --- [scheduling-1] eden.service.task.OrderTask              : 没有超时订单需要关闭
2026-03-18 00:22:00.014  INFO 8308 --- [scheduling-1] eden.service.task.OrderTask              : 开始执行订单超时关闭任务...
2026-03-18 00:22:00.022  INFO 8308 --- [scheduling-1] eden.service.task.OrderTask              : 没有超时订单需要关闭
2026-03-18 00:23:00.013  INFO 8308 --- [scheduling-1] eden.service.task.OrderTask              : 开始执行订单超时关闭任务...
2026-03-18 00:23:00.017  INFO 8308 --- [scheduling-1] eden.service.task.OrderTask              : 没有超时订单需要关闭
2026-03-18 00:24:00.008  INFO 8308 --- [scheduling-1] eden.service.task.OrderTask              : 开始执行订单超时关闭任务...
2026-03-18 00:24:00.017  INFO 8308 --- [scheduling-1] eden.service.task.OrderTask              : 没有超时订单需要关闭
2026-03-18 00:25:00.005  INFO 8308 --- [scheduling-1] eden.service.task.OrderTask              : 开始执行订单超时关闭任务...
2026-03-18 00:25:00.011  INFO 8308 --- [scheduling-1] eden.service.task.OrderTask              : 没有超时订单需要关闭
2026-03-18 00:25:00.011  INFO 8308 --- [scheduling-1] eden.service.task.PromotionTask          : 开始更新已结束的秒杀活动状态...
2026-03-18 00:26:00.014  INFO 8308 --- [scheduling-1] eden.service.task.OrderTask              : 开始执行订单超时关闭任务...
2026-03-18 00:26:00.021  INFO 8308 --- [scheduling-1] eden.service.task.OrderTask              : 没有超时订单需要关闭
2026-03-18 00:27:00.003  INFO 8308 --- [scheduling-1] eden.service.task.OrderTask              : 开始执行订单超时关闭任务...
2026-03-18 00:27:00.027  INFO 8308 --- [scheduling-1] eden.service.task.OrderTask              : 没有超时订单需要关闭
2026-03-18 00:28:00.003  INFO 8308 --- [scheduling-1] eden.service.task.OrderTask              : 开始执行订单超时关闭任务...
2026-03-18 00:28:00.013  INFO 8308 --- [scheduling-1] eden.service.task.OrderTask              : 没有超时订单需要关闭
2026-03-18 00:29:00.005  INFO 8308 --- [scheduling-1] eden.service.task.OrderTask              : 开始执行订单超时关闭任务...
2026-03-18 00:29:00.011  INFO 8308 --- [scheduling-1] eden.service.task.OrderTask              : 没有超时订单需要关闭
2026-03-18 00:30:00.001  INFO 8308 --- [scheduling-1] eden.service.task.PromotionTask          : 开始更新已结束的秒杀活动状态...
2026-03-18 00:30:00.008  INFO 8308 --- [scheduling-1] eden.service.task.OrderTask              : 开始执行订单超时关闭任务...
2026-03-18 00:30:00.012  INFO 8308 --- [scheduling-1] eden.service.task.OrderTask              : 没有超时订单需要关闭
2026-03-18 00:31:00.013  INFO 8308 --- [scheduling-1] eden.service.task.OrderTask              : 开始执行订单超时关闭任务...
2026-03-18 00:31:00.018  INFO 8308 --- [scheduling-1] eden.service.task.OrderTask              : 没有超时订单需要关闭
2026-03-18 00:32:00.013  INFO 8308 --- [scheduling-1] eden.service.task.OrderTask              : 开始执行订单超时关闭任务...
2026-03-18 00:32:00.028  INFO 8308 --- [scheduling-1] eden.service.task.OrderTask              : 没有超时订单需要关闭
2026-03-18 00:33:00.012  INFO 8308 --- [scheduling-1] eden.service.task.OrderTask              : 开始执行订单超时关闭任务...
2026-03-18 00:33:00.017  INFO 8308 --- [scheduling-1] eden.service.task.OrderTask              : 没有超时订单需要关闭
2026-03-18 00:34:00.002  INFO 8308 --- [scheduling-1] eden.service.task.OrderTask              : 开始执行订单超时关闭任务...
2026-03-18 00:34:00.009  INFO 8308 --- [scheduling-1] eden.service.task.OrderTask              : 没有超时订单需要关闭
2026-03-18 00:35:00.013  INFO 8308 --- [scheduling-1] eden.service.task.PromotionTask          : 开始更新已结束的秒杀活动状态...
2026-03-18 00:35:00.020  INFO 8308 --- [scheduling-1] eden.service.task.OrderTask              : 开始执行订单超时关闭任务...
2026-03-18 00:35:00.042  INFO 8308 --- [scheduling-1] eden.service.task.OrderTask              : 没有超时订单需要关闭
2026-03-18 00:36:00.006  INFO 8308 --- [scheduling-1] eden.service.task.OrderTask              : 开始执行订单超时关闭任务...
2026-03-18 00:36:00.011  INFO 8308 --- [scheduling-1] eden.service.task.OrderTask              : 没有超时订单需要关闭
2026-03-18 00:37:00.012  INFO 8308 --- [scheduling-1] eden.service.task.OrderTask              : 开始执行订单超时关闭任务...
2026-03-18 00:37:00.019  INFO 8308 --- [scheduling-1] eden.service.task.OrderTask              : 没有超时订单需要关闭
2026-03-18 00:38:00.005  INFO 8308 --- [scheduling-1] eden.service.task.OrderTask              : 开始执行订单超时关闭任务...
2026-03-18 00:38:00.012  INFO 8308 --- [scheduling-1] eden.service.task.OrderTask              : 没有超时订单需要关闭
2026-03-18 00:39:00.008  INFO 8308 --- [scheduling-1] eden.service.task.OrderTask              : 开始执行订单超时关闭任务...
2026-03-18 00:39:00.014  INFO 8308 --- [scheduling-1] eden.service.task.OrderTask              : 没有超时订单需要关闭
2026-03-18 00:40:00.001  INFO 8308 --- [scheduling-1] eden.service.task.PromotionTask          : 开始更新已结束的秒杀活动状态...
2026-03-18 00:40:00.011  INFO 8308 --- [scheduling-1] eden.service.task.OrderTask              : 开始执行订单超时关闭任务...
2026-03-18 00:40:00.015  INFO 8308 --- [scheduling-1] eden.service.task.OrderTask              : 没有超时订单需要关闭
2026-03-18 00:40:05.245  INFO 8308 --- [org.springframework.amqp.rabbit.RabbitListenerEndpointContainer#2-27] o.s.a.r.l.SimpleMessageListenerContainer : Restarting Consumer@3f46225c: tags=[[amq.ctag-fLJUo3IOJ00-4613T0KQUQ]], channel=Cached Rabbit Channel: PublisherCallbackChannelImpl: AMQChannel(amqp://user@127.0.0.1:5672/,7), conn: Proxy@2b39e77d Shared Rabbit Connection: SimpleConnection@7fb84ef7 [delegate=amqp://user@127.0.0.1:5672/, localPort= 9159], acknowledgeMode=MANUAL local queue size=0
2026-03-18 00:40:05.287  INFO 8308 --- [org.springframework.amqp.rabbit.RabbitListenerEndpointContainer#2-28] e.service.listener.OrderMessageListener  : 收到订单支付成功消息，订单ID: 2025121713395639540001
2026-03-18 00:41:00.005  INFO 8308 --- [scheduling-1] eden.service.task.OrderTask              : 开始执行订单超时关闭任务...
2026-03-18 00:41:00.013  INFO 8308 --- [scheduling-1] eden.service.task.OrderTask              : 没有超时订单需要关闭
2026-03-18 00:42:00.008  INFO 8308 --- [scheduling-1] eden.service.task.OrderTask              : 开始执行订单超时关闭任务...
2026-03-18 00:42:00.014  INFO 8308 --- [scheduling-1] eden.service.task.OrderTask              : 没有超时订单需要关闭
2026-03-18 00:43:00.004  INFO 8308 --- [scheduling-1] eden.service.task.OrderTask              : 开始执行订单超时关闭任务...
2026-03-18 00:43:00.010  INFO 8308 --- [scheduling-1] eden.service.task.OrderTask              : 没有超时订单需要关闭
2026-03-18 00:44:00.013  INFO 8308 --- [scheduling-1] eden.service.task.OrderTask              : 开始执行订单超时关闭任务...
2026-03-18 00:44:00.020  INFO 8308 --- [scheduling-1] eden.service.task.OrderTask              : 没有超时订单需要关闭
2026-03-18 00:45:00.001  INFO 8308 --- [scheduling-1] eden.service.task.PromotionTask          : 开始更新已结束的秒杀活动状态...
2026-03-18 00:45:00.011  INFO 8308 --- [scheduling-1] eden.service.task.OrderTask              : 开始执行订单超时关闭任务...
2026-03-18 00:45:00.014  INFO 8308 --- [scheduling-1] eden.service.task.OrderTask              : 没有超时订单需要关闭
2026-03-18 00:45:29.810  INFO 8308 --- [org.springframework.amqp.rabbit.RabbitListenerEndpointContainer#3-1] o.s.a.r.l.SimpleMessageListenerContainer : Restarting Consumer@41c7ef69: tags=[[amq.ctag-LpeQwu0AdpG1D4-Nz0AkfQ]], channel=Cached Rabbit Channel: PublisherCallbackChannelImpl: AMQChannel(amqp://user@127.0.0.1:5672/,4), conn: Proxy@2b39e77d Shared Rabbit Connection: SimpleConnection@7fb84ef7 [delegate=amqp://user@127.0.0.1:5672/, localPort= 9159], acknowledgeMode=MANUAL local queue size=0
2026-03-18 00:45:29.817  INFO 8308 --- [org.springframework.amqp.rabbit.RabbitListenerEndpointContainer#3-2] o.s.a.r.c.CachingConnectionFactory       : Attempting to connect to: [localhost:5672]
2026-03-18 00:45:29.910  INFO 8308 --- [org.springframework.amqp.rabbit.RabbitListenerEndpointContainer#3-2] o.s.a.r.c.CachingConnectionFactory       : Attempting to connect to: [localhost:5672]
2026-03-18 00:45:29.945  INFO 8308 --- [org.springframework.amqp.rabbit.RabbitListenerEndpointContainer#0-1] o.s.a.r.l.SimpleMessageListenerContainer : Restarting Consumer@4b158e16: tags=[[amq.ctag--wt0Cx-UALh3w8LS0FEzLw]], channel=Cached Rabbit Channel: PublisherCallbackChannelImpl: AMQChannel(amqp://user@127.0.0.1:5672/,1), conn: Proxy@2b39e77d Shared Rabbit Connection: null, acknowledgeMode=MANUAL local queue size=0
2026-03-18 00:45:29.949  INFO 8308 --- [org.springframework.amqp.rabbit.RabbitListenerEndpointContainer#0-2] o.s.a.r.c.CachingConnectionFactory       : Attempting to connect to: [localhost:5672]
2026-03-18 00:45:29.961  INFO 8308 --- [org.springframework.amqp.rabbit.RabbitListenerEndpointContainer#0-2] o.s.a.r.c.CachingConnectionFactory       : Attempting to connect to: [localhost:5672]
2026-03-18 00:45:30.191  INFO 8308 --- [org.springframework.amqp.rabbit.RabbitListenerEndpointContainer#1-1] o.s.a.r.l.SimpleMessageListenerContainer : Restarting Consumer@234421ca: tags=[[amq.ctag-vbkMGJrfQYsH84mODAEVnQ]], channel=Cached Rabbit Channel: PublisherCallbackChannelImpl: AMQChannel(amqp://user@127.0.0.1:5672/,2), conn: Proxy@2b39e77d Shared Rabbit Connection: null, acknowledgeMode=MANUAL local queue size=0
2026-03-18 00:45:30.194  INFO 8308 --- [org.springframework.amqp.rabbit.RabbitListenerEndpointContainer#1-2] o.s.a.r.c.CachingConnectionFactory       : Attempting to connect to: [localhost:5672]
2026-03-18 00:45:30.207  INFO 8308 --- [org.springframework.amqp.rabbit.RabbitListenerEndpointContainer#1-2] o.s.a.r.c.CachingConnectionFactory       : Attempting to connect to: [localhost:5672]
2026-03-18 00:45:30.253  INFO 8308 --- [org.springframework.amqp.rabbit.RabbitListenerEndpointContainer#4-1] o.s.a.r.l.SimpleMessageListenerContainer : Restarting Consumer@7c0b83af: tags=[[amq.ctag-o3DRG2UnY1JV_qleaD5SwQ]], channel=Cached Rabbit Channel: PublisherCallbackChannelImpl: AMQChannel(amqp://user@127.0.0.1:5672/,5), conn: Proxy@2b39e77d Shared Rabbit Connection: null, acknowledgeMode=MANUAL local queue size=0
2026-03-18 00:45:30.257  INFO 8308 --- [org.springframework.amqp.rabbit.RabbitListenerEndpointContainer#4-2] o.s.a.r.c.CachingConnectionFactory       : Attempting to connect to: [localhost:5672]
2026-03-18 00:45:30.268  INFO 8308 --- [org.springframework.amqp.rabbit.RabbitListenerEndpointContainer#4-2] o.s.a.r.c.CachingConnectionFactory       : Attempting to connect to: [localhost:5672]
2026-03-18 00:45:30.362  INFO 8308 --- [org.springframework.amqp.rabbit.RabbitListenerEndpointContainer#5-1] o.s.a.r.l.SimpleMessageListenerContainer : Restarting Consumer@3f1eb1bc: tags=[[amq.ctag-80OLFMuUmco3OQ94xg5XpQ]], channel=Cached Rabbit Channel: PublisherCallbackChannelImpl: AMQChannel(amqp://user@127.0.0.1:5672/,6), conn: Proxy@2b39e77d Shared Rabbit Connection: null, acknowledgeMode=MANUAL local queue size=0
2026-03-18 00:45:30.365  INFO 8308 --- [org.springframework.amqp.rabbit.RabbitListenerEndpointContainer#5-2] o.s.a.r.c.CachingConnectionFactory       : Attempting to connect to: [localhost:5672]
2026-03-18 00:45:30.378  INFO 8308 --- [org.springframework.amqp.rabbit.RabbitListenerEndpointContainer#5-2] o.s.a.r.c.CachingConnectionFactory       : Attempting to connect to: [localhost:5672]
2026-03-18 00:45:30.715  INFO 8308 --- [org.springframework.amqp.rabbit.RabbitListenerEndpointContainer#2-28] o.s.a.r.l.SimpleMessageListenerContainer : Restarting Consumer@19e7e726: tags=[[amq.ctag-JBwMDX1JjAj9rIuw-SjTUg]], channel=Cached Rabbit Channel: PublisherCallbackChannelImpl: AMQChannel(amqp://user@127.0.0.1:5672/,7), conn: Proxy@2b39e77d Shared Rabbit Connection: null, acknowledgeMode=MANUAL local queue size=0
2026-03-18 00:45:30.719  INFO 8308 --- [org.springframework.amqp.rabbit.RabbitListenerEndpointContainer#2-29] o.s.a.r.c.CachingConnectionFactory       : Attempting to connect to: [localhost:5672]
2026-03-18 00:45:30.730  INFO 8308 --- [org.springframework.amqp.rabbit.RabbitListenerEndpointContainer#2-29] o.s.a.r.c.CachingConnectionFactory       : Attempting to connect to: [localhost:5672]
2026-03-18 00:45:35.085  INFO 8308 --- [org.springframework.amqp.rabbit.RabbitListenerEndpointContainer#3-2] o.s.a.r.l.SimpleMessageListenerContainer : Restarting Consumer@400066a9: tags=[[]], channel=null, acknowledgeMode=MANUAL local queue size=0
2026-03-18 00:45:35.089  INFO 8308 --- [org.springframework.amqp.rabbit.RabbitListenerEndpointContainer#3-3] o.s.a.r.c.CachingConnectionFactory       : Attempting to connect to: [localhost:5672]
2026-03-18 00:45:35.099  INFO 8308 --- [org.springframework.amqp.rabbit.RabbitListenerEndpointContainer#3-3] o.s.a.r.c.CachingConnectionFactory       : Attempting to connect to: [localhost:5672]
2026-03-18 00:45:35.116  INFO 8308 --- [org.springframework.amqp.rabbit.RabbitListenerEndpointContainer#0-2] o.s.a.r.l.SimpleMessageListenerContainer : Restarting Consumer@d3c738: tags=[[]], channel=null, acknowledgeMode=MANUAL local queue size=0
2026-03-18 00:45:35.120  INFO 8308 --- [org.springframework.amqp.rabbit.RabbitListenerEndpointContainer#0-3] o.s.a.r.c.CachingConnectionFactory       : Attempting to connect to: [localhost:5672]
2026-03-18 00:45:35.130  INFO 8308 --- [org.springframework.amqp.rabbit.RabbitListenerEndpointContainer#0-3] o.s.a.r.c.CachingConnectionFactory       : Attempting to connect to: [localhost:5672]
2026-03-18 00:45:35.379  INFO 8308 --- [org.springframework.amqp.rabbit.RabbitListenerEndpointContainer#1-2] o.s.a.r.l.SimpleMessageListenerContainer : Restarting Consumer@12f60d5a: tags=[[]], channel=null, acknowledgeMode=MANUAL local queue size=0
2026-03-18 00:45:35.382  INFO 8308 --- [org.springframework.amqp.rabbit.RabbitListenerEndpointContainer#1-3] o.s.a.r.c.CachingConnectionFactory       : Attempting to connect to: [localhost:5672]
2026-03-18 00:45:35.392  INFO 8308 --- [org.springframework.amqp.rabbit.RabbitListenerEndpointContainer#1-3] o.s.a.r.c.CachingConnectionFactory       : Attempting to connect to: [localhost:5672]
2026-03-18 00:45:35.424  INFO 8308 --- [org.springframework.amqp.rabbit.RabbitListenerEndpointContainer#4-2] o.s.a.r.l.SimpleMessageListenerContainer : Restarting Consumer@485e9dae: tags=[[]], channel=null, acknowledgeMode=MANUAL local queue size=0
2026-03-18 00:45:35.427  INFO 8308 --- [org.springframework.amqp.rabbit.RabbitListenerEndpointContainer#4-3] o.s.a.r.c.CachingConnectionFactory       : Attempting to connect to: [localhost:5672]
2026-03-18 00:45:35.438  INFO 8308 --- [org.springframework.amqp.rabbit.RabbitListenerEndpointContainer#4-3] o.s.a.r.c.CachingConnectionFactory       : Attempting to connect to: [localhost:5672]
2026-03-18 00:45:35.547  INFO 8308 --- [org.springframework.amqp.rabbit.RabbitListenerEndpointContainer#5-2] o.s.a.r.l.SimpleMessageListenerContainer : Restarting Consumer@8ee744e: tags=[[]], channel=null, acknowledgeMode=MANUAL local queue size=0
2026-03-18 00:45:35.551  INFO 8308 --- [org.springframework.amqp.rabbit.RabbitListenerEndpointContainer#5-3] o.s.a.r.c.CachingConnectionFactory       : Attempting to connect to: [localhost:5672]
2026-03-18 00:45:35.561  INFO 8308 --- [org.springframework.amqp.rabbit.RabbitListenerEndpointContainer#5-3] o.s.a.r.c.CachingConnectionFactory       : Attempting to connect to: [localhost:5672]
2026-03-18 00:45:35.858  INFO 8308 --- [org.springframework.amqp.rabbit.RabbitListenerEndpointContainer#2-29] o.s.a.r.l.SimpleMessageListenerContainer : Restarting Consumer@73535065: tags=[[]], channel=null, acknowledgeMode=MANUAL local queue size=0
2026-03-18 00:45:35.862  INFO 8308 --- [org.springframework.amqp.rabbit.RabbitListenerEndpointContainer#2-30] o.s.a.r.c.CachingConnectionFactory       : Attempting to connect to: [localhost:5672]
2026-03-18 00:45:35.870  INFO 8308 --- [org.springframework.amqp.rabbit.RabbitListenerEndpointContainer#2-30] o.s.a.r.c.CachingConnectionFactory       : Attempting to connect to: [localhost:5672]
2026-03-18 00:45:40.209  INFO 8308 --- [org.springframework.amqp.rabbit.RabbitListenerEndpointContainer#3-3] o.s.a.r.l.SimpleMessageListenerContainer : Restarting Consumer@3368bc32: tags=[[]], channel=null, acknowledgeMode=MANUAL local queue size=0
2026-03-18 00:45:40.212  INFO 8308 --- [org.springframework.amqp.rabbit.RabbitListenerEndpointContainer#3-4] o.s.a.r.c.CachingConnectionFactory       : Attempting to connect to: [localhost:5672]
2026-03-18 00:45:40.215  INFO 8308 --- [org.springframework.amqp.rabbit.RabbitListenerEndpointContainer#3-4] o.s.a.r.c.CachingConnectionFactory       : Attempting to connect to: [localhost:5672]
2026-03-18 00:45:40.271  INFO 8308 --- [org.springframework.amqp.rabbit.RabbitListenerEndpointContainer#0-3] o.s.a.r.l.SimpleMessageListenerContainer : Restarting Consumer@51aeb064: tags=[[]], channel=null, acknowledgeMode=MANUAL local queue size=0
2026-03-18 00:45:40.273  INFO 8308 --- [org.springframework.amqp.rabbit.RabbitListenerEndpointContainer#0-4] o.s.a.r.c.CachingConnectionFactory       : Attempting to connect to: [localhost:5672]
2026-03-18 00:45:40.276  INFO 8308 --- [org.springframework.amqp.rabbit.RabbitListenerEndpointContainer#0-4] o.s.a.r.c.CachingConnectionFactory       : Attempting to connect to: [localhost:5672]
2026-03-18 00:45:40.504  INFO 8308 --- [org.springframework.amqp.rabbit.RabbitListenerEndpointContainer#1-3] o.s.a.r.l.SimpleMessageListenerContainer : Restarting Consumer@59b53a1e: tags=[[]], channel=null, acknowledgeMode=MANUAL local queue size=0
2026-03-18 00:45:40.507  INFO 8308 --- [org.springframework.amqp.rabbit.RabbitListenerEndpointContainer#1-4] o.s.a.r.c.CachingConnectionFactory       : Attempting to connect to: [localhost:5672]
2026-03-18 00:45:40.510  INFO 8308 --- [org.springframework.amqp.rabbit.RabbitListenerEndpointContainer#1-4] o.s.a.r.c.CachingConnectionFactory       : Attempting to connect to: [localhost:5672]
2026-03-18 00:45:40.550  INFO 8308 --- [org.springframework.amqp.rabbit.RabbitListenerEndpointContainer#4-3] o.s.a.r.l.SimpleMessageListenerContainer : Restarting Consumer@7e448b22: tags=[[]], channel=null, acknowledgeMode=MANUAL local queue size=0
2026-03-18 00:45:40.554  INFO 8308 --- [org.springframework.amqp.rabbit.RabbitListenerEndpointContainer#4-4] o.s.a.r.c.CachingConnectionFactory       : Attempting to connect to: [localhost:5672]
2026-03-18 00:45:40.557  INFO 8308 --- [org.springframework.amqp.rabbit.RabbitListenerEndpointContainer#4-4] o.s.a.r.c.CachingConnectionFactory       : Attempting to connect to: [localhost:5672]
2026-03-18 00:45:40.704  INFO 8308 --- [org.springframework.amqp.rabbit.RabbitListenerEndpointContainer#5-3] o.s.a.r.l.SimpleMessageListenerContainer : Restarting Consumer@1df6dcf5: tags=[[]], channel=null, acknowledgeMode=MANUAL local queue size=0
2026-03-18 00:45:40.707  INFO 8308 --- [org.springframework.amqp.rabbit.RabbitListenerEndpointContainer#5-4] o.s.a.r.c.CachingConnectionFactory       : Attempting to connect to: [localhost:5672]
2026-03-18 00:45:40.710  INFO 8308 --- [org.springframework.amqp.rabbit.RabbitListenerEndpointContainer#5-4] o.s.a.r.c.CachingConnectionFactory       : Attempting to connect to: [localhost:5672]
2026-03-18 00:45:40.969  INFO 8308 --- [org.springframework.amqp.rabbit.RabbitListenerEndpointContainer#2-30] o.s.a.r.l.SimpleMessageListenerContainer : Restarting Consumer@30c9ff8c: tags=[[]], channel=null, acknowledgeMode=MANUAL local queue size=0
2026-03-18 00:45:40.971  INFO 8308 --- [org.springframework.amqp.rabbit.RabbitListenerEndpointContainer#2-31] o.s.a.r.c.CachingConnectionFactory       : Attempting to connect to: [localhost:5672]
2026-03-18 00:45:40.986  INFO 8308 --- [org.springframework.amqp.rabbit.RabbitListenerEndpointContainer#2-31] o.s.a.r.c.CachingConnectionFactory       : Attempting to connect to: [localhost:5672]
2026-03-18 00:45:45.299  INFO 8308 --- [org.springframework.amqp.rabbit.RabbitListenerEndpointContainer#3-4] o.s.a.r.l.SimpleMessageListenerContainer : Restarting Consumer@1f469a2b: tags=[[]], channel=null, acknowledgeMode=MANUAL local queue size=0
2026-03-18 00:45:45.301  INFO 8308 --- [org.springframework.amqp.rabbit.RabbitListenerEndpointContainer#3-5] o.s.a.r.c.CachingConnectionFactory       : Attempting to connect to: [localhost:5672]
2026-03-18 00:45:45.317  INFO 8308 --- [org.springframework.amqp.rabbit.RabbitListenerEndpointContainer#3-5] o.s.a.r.c.CachingConnectionFactory       : Attempting to connect to: [localhost:5672]
2026-03-18 00:45:45.361  INFO 8308 --- [org.springframework.amqp.rabbit.RabbitListenerEndpointContainer#0-4] o.s.a.r.l.SimpleMessageListenerContainer : Restarting Consumer@5c8d8505: tags=[[]], channel=null, acknowledgeMode=MANUAL local queue size=0
2026-03-18 00:45:45.365  INFO 8308 --- [org.springframework.amqp.rabbit.RabbitListenerEndpointContainer#0-5] o.s.a.r.c.CachingConnectionFactory       : Attempting to connect to: [localhost:5672]
2026-03-18 00:45:45.369  INFO 8308 --- [org.springframework.amqp.rabbit.RabbitListenerEndpointContainer#0-5] o.s.a.r.c.CachingConnectionFactory       : Attempting to connect to: [localhost:5672]
2026-03-18 00:45:45.593  INFO 8308 --- [org.springframework.amqp.rabbit.RabbitListenerEndpointContainer#1-4] o.s.a.r.l.SimpleMessageListenerContainer : Restarting Consumer@2d192ed6: tags=[[]], channel=null, acknowledgeMode=MANUAL local queue size=0
2026-03-18 00:45:45.596  INFO 8308 --- [org.springframework.amqp.rabbit.RabbitListenerEndpointContainer#1-5] o.s.a.r.c.CachingConnectionFactory       : Attempting to connect to: [localhost:5672]
2026-03-18 00:45:45.600  INFO 8308 --- [org.springframework.amqp.rabbit.RabbitListenerEndpointContainer#1-5] o.s.a.r.c.CachingConnectionFactory       : Attempting to connect to: [localhost:5672]
2026-03-18 00:45:45.639  INFO 8308 --- [org.springframework.amqp.rabbit.RabbitListenerEndpointContainer#4-4] o.s.a.r.l.SimpleMessageListenerContainer : Restarting Consumer@3c5b6db2: tags=[[]], channel=null, acknowledgeMode=MANUAL local queue size=0
2026-03-18 00:45:45.644  INFO 8308 --- [org.springframework.amqp.rabbit.RabbitListenerEndpointContainer#4-5] o.s.a.r.c.CachingConnectionFactory       : Attempting to connect to: [localhost:5672]
2026-03-18 00:45:45.671  INFO 8308 --- [org.springframework.amqp.rabbit.RabbitListenerEndpointContainer#4-5] o.s.a.r.c.CachingConnectionFactory       : Attempting to connect to: [localhost:5672]
2026-03-18 00:45:45.811  INFO 8308 --- [org.springframework.amqp.rabbit.RabbitListenerEndpointContainer#5-4] o.s.a.r.l.SimpleMessageListenerContainer : Restarting Consumer@1cdb7a2a: tags=[[]], channel=null, acknowledgeMode=MANUAL local queue size=0
2026-03-18 00:45:45.813  INFO 8308 --- [org.springframework.amqp.rabbit.RabbitListenerEndpointContainer#5-5] o.s.a.r.c.CachingConnectionFactory       : Attempting to connect to: [localhost:5672]
2026-03-18 00:45:45.816  INFO 8308 --- [org.springframework.amqp.rabbit.RabbitListenerEndpointContainer#5-5] o.s.a.r.c.CachingConnectionFactory       : Attempting to connect to: [localhost:5672]
2026-03-18 00:45:46.060  INFO 8308 --- [org.springframework.amqp.rabbit.RabbitListenerEndpointContainer#2-31] o.s.a.r.l.SimpleMessageListenerContainer : Restarting Consumer@44b17987: tags=[[]], channel=null, acknowledgeMode=MANUAL local queue size=0
2026-03-18 00:45:46.063  INFO 8308 --- [org.springframework.amqp.rabbit.RabbitListenerEndpointContainer#2-32] o.s.a.r.c.CachingConnectionFactory       : Attempting to connect to: [localhost:5672]
2026-03-18 00:45:46.092  INFO 8308 --- [org.springframework.amqp.rabbit.RabbitListenerEndpointContainer#2-32] o.s.a.r.c.CachingConnectionFactory       : Attempting to connect to: [localhost:5672]
2026-03-18 00:45:49.701  INFO 8308 --- [org.springframework.amqp.rabbit.RabbitListenerEndpointContainer#0-6] o.s.a.r.l.SimpleMessageListenerContainer : Waiting for workers to finish.
2026-03-18 00:45:49.701  INFO 8308 --- [org.springframework.amqp.rabbit.RabbitListenerEndpointContainer#2-33] o.s.a.r.l.SimpleMessageListenerContainer : Waiting for workers to finish.
2026-03-18 00:45:49.701  INFO 8308 --- [org.springframework.amqp.rabbit.RabbitListenerEndpointContainer#3-6] o.s.a.r.l.SimpleMessageListenerContainer : Waiting for workers to finish.
2026-03-18 00:45:49.701  INFO 8308 --- [org.springframework.amqp.rabbit.RabbitListenerEndpointContainer#1-6] o.s.a.r.l.SimpleMessageListenerContainer : Waiting for workers to finish.
2026-03-18 00:45:49.701  INFO 8308 --- [org.springframework.amqp.rabbit.RabbitListenerEndpointContainer#0-6] o.s.a.r.l.SimpleMessageListenerContainer : Successfully waited for workers to finish.
2026-03-18 00:45:49.701  INFO 8308 --- [org.springframework.amqp.rabbit.RabbitListenerEndpointContainer#2-33] o.s.a.r.l.SimpleMessageListenerContainer : Successfully waited for workers to finish.
2026-03-18 00:45:49.701  INFO 8308 --- [org.springframework.amqp.rabbit.RabbitListenerEndpointContainer#1-6] o.s.a.r.l.SimpleMessageListenerContainer : Successfully waited for workers to finish.
2026-03-18 00:45:49.701  INFO 8308 --- [org.springframework.amqp.rabbit.RabbitListenerEndpointContainer#4-6] o.s.a.r.l.SimpleMessageListenerContainer : Waiting for workers to finish.
2026-03-18 00:45:49.701  INFO 8308 --- [org.springframework.amqp.rabbit.RabbitListenerEndpointContainer#3-6] o.s.a.r.l.SimpleMessageListenerContainer : Successfully waited for workers to finish.
2026-03-18 00:45:49.701  INFO 8308 --- [org.springframework.amqp.rabbit.RabbitListenerEndpointContainer#5-6] o.s.a.r.l.SimpleMessageListenerContainer : Waiting for workers to finish.
2026-03-18 00:45:49.702  INFO 8308 --- [org.springframework.amqp.rabbit.RabbitListenerEndpointContainer#4-6] o.s.a.r.l.SimpleMessageListenerContainer : Successfully waited for workers to finish.
2026-03-18 00:45:49.702  INFO 8308 --- [org.springframework.amqp.rabbit.RabbitListenerEndpointContainer#5-6] o.s.a.r.l.SimpleMessageListenerContainer : Successfully waited for workers to finish.
2026-03-18 00:45:50.621  INFO 8308 --- [SpringApplicationShutdownHook] com.zaxxer.hikari.HikariDataSource       : EdenHikariCP - Shutdown initiated...
2026-03-18 00:45:50.627  INFO 8308 --- [SpringApplicationShutdownHook] com.zaxxer.hikari.HikariDataSource       : EdenHikariCP - Shutdown completed.
